[multi] setting=shift dgp=nonlinear_messy_ultra d=30 n=15000 ref=5000 batch=100 policies_jobs=13 repeats=3
[multi] rep=1/3 generating DGP...
[multi] DGP ready in 244.9s n_batches=100 shift_batch=25
[multi] rep=0 policy=Epsilon_Greedy cfg=epsilon=0.02
[multi] rep=0 policy=Epsilon_Greedy cfg=epsilon=0.05
[multi] rep=0 policy=Epsilon_Greedy cfg=epsilon=0.1
[multi] rep=0 policy=AdaptiveEpsilonGreedy cfg=anomaly_sensitivity=0.3|base_epsilon=0.05|gamma=0.9|max_epsilon=0.5
[multi] rep=0 policy=AdaptiveEpsilonGreedy cfg=anomaly_sensitivity=0.5|base_epsilon=0.05|gamma=0.9|max_epsilon=0.5
[multi] rep=0 policy=AdaptiveEpsilonGreedy cfg=anomaly_sensitivity=0.3|base_epsilon=0.1|gamma=0.9|max_epsilon=0.5
[multi] rep=0 policy=AdaptiveEpsilonGreedy cfg=anomaly_sensitivity=0.5|base_epsilon=0.1|gamma=0.9|max_epsilon=0.5
[multi] rep=0 policy=UCB cfg=default
[multi] rep=0 policy=Random cfg=default
[multi] rep=0 policy=LinUCB_Vanilla cfg=alpha=0.1|lambda_reg=50|use_momentum=False
[multi] rep=0 policy=LinUCB_Vanilla cfg=alpha=0.1|lambda_reg=100|use_momentum=False
[multi] rep=0 policy=Thompson_Sampling cfg=prior_lambda=0.1
[multi] rep=0 policy=Thompson_Sampling cfg=prior_lambda=0.15
[multi] rep=2/3 generating DGP...
[multi] DGP ready in 234.2s n_batches=100 shift_batch=25
[multi] rep=1 policy=Epsilon_Greedy cfg=epsilon=0.02
[multi] rep=1 policy=Epsilon_Greedy cfg=epsilon=0.05
[multi] rep=1 policy=Epsilon_Greedy cfg=epsilon=0.1
[multi] rep=1 policy=AdaptiveEpsilonGreedy cfg=anomaly_sensitivity=0.3|base_epsilon=0.05|gamma=0.9|max_epsilon=0.5
[multi] rep=1 policy=AdaptiveEpsilonGreedy cfg=anomaly_sensitivity=0.5|base_epsilon=0.05|gamma=0.9|max_epsilon=0.5
[multi] rep=1 policy=AdaptiveEpsilonGreedy cfg=anomaly_sensitivity=0.3|base_epsilon=0.1|gamma=0.9|max_epsilon=0.5
[multi] rep=1 policy=AdaptiveEpsilonGreedy cfg=anomaly_sensitivity=0.5|base_epsilon=0.1|gamma=0.9|max_epsilon=0.5
[multi] rep=1 policy=UCB cfg=default
[multi] rep=1 policy=Random cfg=default
[multi] rep=1 policy=LinUCB_Vanilla cfg=alpha=0.1|lambda_reg=50|use_momentum=False
[multi] rep=1 policy=LinUCB_Vanilla cfg=alpha=0.1|lambda_reg=100|use_momentum=False
[multi] rep=1 policy=Thompson_Sampling cfg=prior_lambda=0.1
[multi] rep=1 policy=Thompson_Sampling cfg=prior_lambda=0.15
[multi] rep=3/3 generating DGP...
[multi] DGP ready in 241.4s n_batches=100 shift_batch=25
[multi] rep=2 policy=Epsilon_Greedy cfg=epsilon=0.02
[multi] rep=2 policy=Epsilon_Greedy cfg=epsilon=0.05
[multi] rep=2 policy=Epsilon_Greedy cfg=epsilon=0.1
[multi] rep=2 policy=AdaptiveEpsilonGreedy cfg=anomaly_sensitivity=0.3|base_epsilon=0.05|gamma=0.9|max_epsilon=0.5
[multi] rep=2 policy=AdaptiveEpsilonGreedy cfg=anomaly_sensitivity=0.5|base_epsilon=0.05|gamma=0.9|max_epsilon=0.5
[multi] rep=2 policy=AdaptiveEpsilonGreedy cfg=anomaly_sensitivity=0.3|base_epsilon=0.1|gamma=0.9|max_epsilon=0.5
[multi] rep=2 policy=AdaptiveEpsilonGreedy cfg=anomaly_sensitivity=0.5|base_epsilon=0.1|gamma=0.9|max_epsilon=0.5
[multi] rep=2 policy=UCB cfg=default
[multi] rep=2 policy=Random cfg=default
[multi] rep=2 policy=LinUCB_Vanilla cfg=alpha=0.1|lambda_reg=50|use_momentum=False
[multi] rep=2 policy=LinUCB_Vanilla cfg=alpha=0.1|lambda_reg=100|use_momentum=False
[multi] rep=2 policy=Thompson_Sampling cfg=prior_lambda=0.1
[multi] rep=2 policy=Thompson_Sampling cfg=prior_lambda=0.15
[multi] saved mab_multi_shift_d30_by_config.csv (13 configs)
[multi] saved mab_multi_shift_d30_best_by_method.csv
               policy                                                           config_id  final_regret_mean  final_regret_std  final_regret_cv  n_repeats
       Epsilon_Greedy                                                         epsilon=0.1         208.836372         17.350258         0.067835          3
                  UCB                                                             default         285.393237         45.148447         0.129168          3
       LinUCB_Vanilla                          alpha=0.1|lambda_reg=50|use_momentum=False         375.379694          6.688636         0.014549          3
AdaptiveEpsilonGreedy anomaly_sensitivity=0.3|base_epsilon=0.05|gamma=0.9|max_epsilon=0.5         417.774550          8.552517         0.016715          3
    Thompson_Sampling                                                    prior_lambda=0.1         445.850374         16.386305         0.030009          3
               Random                                                             default         468.767171         40.296626         0.070188          3
[multi] saved mab_multi_shift_d30_best_by_method.png
